RUN SCRIPTS ON OSX
start server_1m.sh ...
2019年 9月20日 星期五 12时44分33秒 CST
================ start leveldb 1M_1G ================
2019年 9月20日 星期五 12时44分33秒 CST
./server_1m.sh: line 164: cd: /home/zhengbc/go-ycsb/: No such file or directory
  0B	data/leveldb
WRITE leveldb (1M_1G)...
580K	data/leveldb
SCAN leveldb (1M_1G) ...
READ leveldb (1M_1G) ...
SCANVALUE leveldb (1M_1G) without index...
SCANVALUE leveldb (1M_1G) with index...
================ finish leveldb 1M_1G ================
2019年 9月20日 星期五 12时44分34秒 CST
RUN SCRIPTS ON OSX
start server_1m.sh ...
2019年 9月20日 星期五 12时45分42秒 CST
================ start leveldb 1M_1G ================
2019年 9月20日 星期五 12时45分42秒 CST
./server_1m.sh: line 164: cd: /home/zhengbc/go-ycsb/: No such file or directory
  0B	data/leveldb
WRITE leveldb (1M_1G)...
./server_1m.sh: line 47: 68644 Killed: 9               ./bin/go-ycsb run ${storage} -P workloads/workload_WRITE -p fieldlength=${fieldLength} -p fieldcount=${fieldCount} -p operationcount=${OPERATIONCOUNT} -p recordcount=${OPERATIONCOUNT} -p leveldb.path=$LEVELDB_PATH > logs/${storage}_${recordName}_W.txt
574M	data/leveldb
SCAN leveldb (1M_1G) ...
